[
    [
        [
            "handshake"
        ],
        []
    ],
    [
        [
            "startapi"
        ],
        [
            [
                "176",
                "20240326 09:36:20 Greenwich Mean Time"
            ],
            [
                "15",
                "1",
                "DU7606863"
            ],
            [
                "9",
                "1",
                "530"
            ],
            [
                "4",
                "2",
                "-1",
                "2104",
                "Market data farm connection is OK:usfarm",
                ""
            ],
            [
                "4",
                "2",
                "-1",
                "2106",
                "HMDS data farm connection is OK:euhmds",
                ""
            ],
            [
                "4",
                "2",
                "-1",
                "2106",
                "HMDS data farm connection is OK:ushmds",
                ""
            ],
            [
                "4",
                "2",
                "-1",
                "2158",
                "Sec-def data farm connection is OK:secdefil",
                ""
            ]
        ]
    ],
    [
        [
            "9",
            "8",
            "-10",
            "0",
            "DA",
            "FUT",
            "",
            "0.0",
            "",
            "",
            "CME",
            "",
            "",
            "",
            "DC",
            "0",
            "",
            "",
            "",
            ""
        ],
        [
            [
                "10",
                "-10",
                "DA",
                "FUT",
                "20240402-17:10:00",
                "0",
                "",
                "CME",
                "USD",
                "DCH4",
                "DC",
                "DC",
                "553495230",
                "0.01",
                "2000",
                "ACTIVETIM,AD,ADJUST,ALERT,ALGO,ALLOC,AVGCOST,BASKET,BENCHPX,COND,CONDORDER,DAY,DEACT,DEACTDIS,DEACTEOD,GAT,GTC,GTD,GTT,HID,ICE,IOC,LIT,LMT,LTH,MIT,MKT,MTL,NGCOMB,NONALGO,OCA,PEGBENCH,SCALE,SCALERST,SNAPMID,SNAPMKT,SNAPREL,STP,STPLMT,TRAIL,TRAILLIT,TRAILLMT,TRAILMIT,WHATIF",
                "CME",
                "1",
                "36555530",
                "MILK CLASS III INDEX",
                "",
                "202403",
                "",
                "",
                "",
                "US/Central",
                "20240325:1700-20240326:1600;20240326:1700-20240327:1600;20240327:1700-20240328:1355;20240329:CLOSED;20240330:CLOSED;20240331:1700-20240401:1600",
                "20240326:0830-20240326:1600;20240327:0830-20240327:1600;20240328:0830-20240328:1355;20240329:CLOSED;20240330:CLOSED;20240331:1700-20240401:1600",
                "",
                "",
                "0",
                "2147483647",
                "DA",
                "IND",
                "32",
                "20240403",
                "",
                "1",
                "1",
                "1"
            ],
            [
                "10",
                "-10",
                "DA",
                "FUT",
                "20240430-17:10:00",
                "0",
                "",
                "CME",
                "USD",
                "DCJ4",
                "DC",
                "DC",
                "559753506",
                "0.01",
                "2000",
                "ACTIVETIM,AD,ADJUST,ALERT,ALGO,ALLOC,AVGCOST,BASKET,BENCHPX,COND,CONDORDER,DAY,DEACT,DEACTDIS,DEACTEOD,GAT,GTC,GTD,GTT,HID,ICE,IOC,LIT,LMT,LTH,MIT,MKT,MTL,NGCOMB,NONALGO,OCA,PEGBENCH,SCALE,SCALERST,SNAPMID,SNAPMKT,SNAPREL,STP,STPLMT,TRAIL,TRAILLIT,TRAILLMT,TRAILMIT,WHATIF",
                "CME",
                "1",
                "36555530",
                "MILK CLASS III INDEX",
                "",
                "202404",
                "",
                "",
                "",
                "US/Central",
                "20240325:1700-20240326:1600;20240326:1700-20240327:1600;20240327:1700-20240328:1355;20240329:CLOSED;20240330:CLOSED;20240331:1700-20240401:1600",
                "20240326:0830-20240326:1600;20240327:0830-20240327:1600;20240328:0830-20240328:1355;20240329:CLOSED;20240330:CLOSED;20240331:1700-20240401:1600",
                "",
                "",
                "0",
                "2147483647",
                "DA",
                "IND",
                "32",
                "20240501",
                "",
                "1",
                "1",
                "1"
            ],
            [
                "10",
                "-10",
                "DA",
                "FUT",
                "20240604-17:10:00",
                "0",
                "",
                "CME",
                "USD",
                "DCK4",
                "DC",
                "DC",
                "565301117",
                "0.01",
                "2000",
                "ACTIVETIM,AD,ADJUST,ALERT,ALGO,ALLOC,AVGCOST,BASKET,BENCHPX,COND,CONDORDER,DAY,DEACT,DEACTDIS,DEACTEOD,GAT,GTC,GTD,GTT,HID,ICE,IOC,LIT,LMT,LTH,MIT,MKT,MTL,NGCOMB,NONALGO,OCA,PEGBENCH,SCALE,SCALERST,SNAPMID,SNAPMKT,SNAPREL,STP,STPLMT,TRAIL,TRAILLIT,TRAILLMT,TRAILMIT,WHATIF",
                "CME",
                "1",
                "36555530",
                "MILK CLASS III INDEX",
                "",
                "202405",
                "",
                "",
                "",
                "US/Central",
                "20240325:1700-20240326:1600;20240326:1700-20240327:1600;20240327:1700-20240328:1355;20240329:CLOSED;20240330:CLOSED;20240331:1700-20240401:1600",
                "20240326:0830-20240326:1600;20240327:0830-20240327:1600;20240328:0830-20240328:1355;20240329:CLOSED;20240330:CLOSED;20240331:1700-20240401:1600",
                "",
                "",
                "0",
                "2147483647",
                "DA",
                "IND",
                "32",
                "20240605",
                "",
                "1",
                "1",
                "1"
            ],
            [
                "10",
                "-10",
                "DA",
                "FUT",
                "20240702-17:10:00",
                "0",
                "",
                "CME",
                "USD",
                "DCM4",
                "DC",
                "DC",
                "570346896",
                "0.01",
                "2000",
                "ACTIVETIM,AD,ADJUST,ALERT,ALGO,ALLOC,AVGCOST,BASKET,BENCHPX,COND,CONDORDER,DAY,DEACT,DEACTDIS,DEACTEOD,GAT,GTC,GTD,GTT,HID,ICE,IOC,LIT,LMT,LTH,MIT,MKT,MTL,NGCOMB,NONALGO,OCA,PEGBENCH,SCALE,SCALERST,SNAPMID,SNAPMKT,SNAPREL,STP,STPLMT,TRAIL,TRAILLIT,TRAILLMT,TRAILMIT,WHATIF",
                "CME",
                "1",
                "36555530",
                "MILK CLASS III INDEX",
                "",
                "202406",
                "",
                "",
                "",
                "US/Central",
                "20240325:1700-20240326:1600;20240326:1700-20240327:1600;20240327:1700-20240328:1355;20240329:CLOSED;20240330:CLOSED;20240331:1700-20240401:1600",
                "20240326:0830-20240326:1600;20240327:0830-20240327:1600;20240328:0830-20240328:1355;20240329:CLOSED;20240330:CLOSED;20240331:1700-20240401:1600",
                "",
                "",
                "0",
                "2147483647",
                "DA",
                "IND",
                "32",
                "20240703",
                "",
                "1",
                "1",
                "1"
            ],
            [
                "10",
                "-10",
                "DA",
                "FUT",
                "20240730-17:10:00",
                "0",
                "",
                "CME",
                "USD",
                "DCN4",
                "DC",
                "DC",
                "577480721",
                "0.01",
                "2000",
                "ACTIVETIM,AD,ADJUST,ALERT,ALGO,ALLOC,AVGCOST,BASKET,BENCHPX,COND,CONDORDER,DAY,DEACT,DEACTDIS,DEACTEOD,GAT,GTC,GTD,GTT,HID,ICE,IOC,LIT,LMT,LTH,MIT,MKT,MTL,NGCOMB,NONALGO,OCA,PEGBENCH,SCALE,SCALERST,SNAPMID,SNAPMKT,SNAPREL,STP,STPLMT,TRAIL,TRAILLIT,TRAILLMT,TRAILMIT,WHATIF",
                "CME",
                "1",
                "36555530",
                "MILK CLASS III INDEX",
                "",
                "202407",
                "",
                "",
                "",
                "US/Central",
                "20240325:1700-20240326:1600;20240326:1700-20240327:1600;20240327:1700-20240328:1355;20240329:CLOSED;20240330:CLOSED;20240331:1700-20240401:1600",
                "20240326:0830-20240326:1600;20240327:0830-20240327:1600;20240328:0830-20240328:1355;20240329:CLOSED;20240330:CLOSED;20240331:1700-20240401:1600",
                "",
                "",
                "0",
                "2147483647",
                "DA",
                "IND",
                "32",
                "20240731",
                "",
                "1",
                "1",
                "1"
            ],
            [
                "10",
                "-10",
                "DA",
                "FUT",
                "20240904-17:10:00",
                "0",
                "",
                "CME",
                "USD",
                "DCQ4",
                "DC",
                "DC",
                "582556463",
                "0.01",
                "2000",
                "ACTIVETIM,AD,ADJUST,ALERT,ALGO,ALLOC,AVGCOST,BASKET,BENCHPX,COND,CONDORDER,DAY,DEACT,DEACTDIS,DEACTEOD,GAT,GTC,GTD,GTT,HID,ICE,IOC,LIT,LMT,LTH,MIT,MKT,MTL,NGCOMB,NONALGO,OCA,PEGBENCH,SCALE,SCALERST,SNAPMID,SNAPMKT,SNAPREL,STP,STPLMT,TRAIL,TRAILLIT,TRAILLMT,TRAILMIT,WHATIF",
                "CME",
                "1",
                "36555530",
                "MILK CLASS III INDEX",
                "",
                "202408",
                "",
                "",
                "",
                "US/Central",
                "20240325:1700-20240326:1600;20240326:1700-20240327:1600;20240327:1700-20240328:1355;20240329:CLOSED;20240330:CLOSED;20240331:1700-20240401:1600",
                "20240326:0830-20240326:1600;20240327:0830-20240327:1600;20240328:0830-20240328:1355;20240329:CLOSED;20240330:CLOSED;20240331:1700-20240401:1600",
                "",
                "",
                "0",
                "2147483647",
                "DA",
                "IND",
                "32",
                "20240905",
                "",
                "1",
                "1",
                "1"
            ],
            [
                "10",
                "-10",
                "DA",
                "FUT",
                "20241001-17:10:00",
                "0",
                "",
                "CME",
                "USD",
                "DCU4",
                "DC",
                "DC",
                "589571827",
                "0.01",
                "2000",
                "ACTIVETIM,AD,ADJUST,ALERT,ALGO,ALLOC,AVGCOST,BASKET,BENCHPX,COND,CONDORDER,DAY,DEACT,DEACTDIS,DEACTEOD,GAT,GTC,GTD,GTT,HID,ICE,IOC,LIT,LMT,LTH,MIT,MKT,MTL,NGCOMB,NONALGO,OCA,PEGBENCH,SCALE,SCALERST,SNAPMID,SNAPMKT,SNAPREL,STP,STPLMT,TRAIL,TRAILLIT,TRAILLMT,TRAILMIT,WHATIF",
                "CME",
                "1",
                "36555530",
                "MILK CLASS III INDEX",
                "",
                "202409",
                "",
                "",
                "",
                "US/Central",
                "20240325:1700-20240326:1600;20240326:1700-20240327:1600;20240327:1700-20240328:1355;20240329:CLOSED;20240330:CLOSED;20240331:1700-20240401:1600",
                "20240326:0830-20240326:1600;20240327:0830-20240327:1600;20240328:0830-20240328:1355;20240329:CLOSED;20240330:CLOSED;20240331:1700-20240401:1600",
                "",
                "",
                "0",
                "2147483647",
                "DA",
                "IND",
                "32",
                "20241002",
                "",
                "1",
                "1",
                "1"
            ],
            [
                "10",
                "-10",
                "DA",
                "FUT",
                "20241029-17:10:00",
                "0",
                "",
                "CME",
                "USD",
                "DCV4",
                "DC",
                "DC",
                "594969399",
                "0.01",
                "2000",
                "ACTIVETIM,AD,ADJUST,ALERT,ALGO,ALLOC,AVGCOST,BASKET,BENCHPX,COND,CONDORDER,DAY,DEACT,DEACTDIS,DEACTEOD,GAT,GTC,GTD,GTT,HID,ICE,IOC,LIT,LMT,LTH,MIT,MKT,MTL,NGCOMB,NONALGO,OCA,PEGBENCH,SCALE,SCALERST,SNAPMID,SNAPMKT,SNAPREL,STP,STPLMT,TRAIL,TRAILLIT,TRAILLMT,TRAILMIT,WHATIF",
                "CME",
                "1",
                "36555530",
                "MILK CLASS III INDEX",
                "",
                "202410",
                "",
                "",
                "",
                "US/Central",
                "20240325:1700-20240326:1600;20240326:1700-20240327:1600;20240327:1700-20240328:1355;20240329:CLOSED;20240330:CLOSED;20240331:1700-20240401:1600",
                "20240326:0830-20240326:1600;20240327:0830-20240327:1600;20240328:0830-20240328:1355;20240329:CLOSED;20240330:CLOSED;20240331:1700-20240401:1600",
                "",
                "",
                "0",
                "2147483647",
                "DA",
                "IND",
                "32",
                "20241030",
                "",
                "1",
                "1",
                "1"
            ],
            [
                "10",
                "-10",
                "DA",
                "FUT",
                "20241203-18:10:00",
                "0",
                "",
                "CME",
                "USD",
                "DCX4",
                "DC",
                "DC",
                "600557518",
                "0.01",
                "2000",
                "ACTIVETIM,AD,ADJUST,ALERT,ALGO,ALLOC,AVGCOST,BASKET,BENCHPX,COND,CONDORDER,DAY,DEACT,DEACTDIS,DEACTEOD,GAT,GTC,GTD,GTT,HID,ICE,IOC,LIT,LMT,LTH,MIT,MKT,MTL,NGCOMB,NONALGO,OCA,PEGBENCH,SCALE,SCALERST,SNAPMID,SNAPMKT,SNAPREL,STP,STPLMT,TRAIL,TRAILLIT,TRAILLMT,TRAILMIT,WHATIF",
                "CME",
                "1",
                "36555530",
                "MILK CLASS III INDEX",
                "",
                "202411",
                "",
                "",
                "",
                "US/Central",
                "20240325:1700-20240326:1600;20240326:1700-20240327:1600;20240327:1700-20240328:1355;20240329:CLOSED;20240330:CLOSED;20240331:1700-20240401:1600",
                "20240326:0830-20240326:1600;20240327:0830-20240327:1600;20240328:0830-20240328:1355;20240329:CLOSED;20240330:CLOSED;20240331:1700-20240401:1600",
                "",
                "",
                "0",
                "2147483647",
                "DA",
                "IND",
                "32",
                "20241204",
                "",
                "1",
                "1",
                "1"
            ],
            [
                "10",
                "-10",
                "DA",
                "FUT",
                "20241231-18:10:00",
                "0",
                "",
                "CME",
                "USD",
                "DCZ4",
                "DC",
                "DC",
                "606357528",
                "0.01",
                "2000",
                "ACTIVETIM,AD,ADJUST,ALERT,ALGO,ALLOC,AVGCOST,BASKET,BENCHPX,COND,CONDORDER,DAY,DEACT,DEACTDIS,DEACTEOD,GAT,GTC,GTD,GTT,HID,ICE,IOC,LIT,LMT,LTH,MIT,MKT,MTL,NGCOMB,NONALGO,OCA,PEGBENCH,SCALE,SCALERST,SNAPMID,SNAPMKT,SNAPREL,STP,STPLMT,TRAIL,TRAILLIT,TRAILLMT,TRAILMIT,WHATIF",
                "CME",
                "1",
                "36555530",
                "MILK CLASS III INDEX",
                "",
                "202412",
                "",
                "",
                "",
                "US/Central",
                "20240325:1700-20240326:1600;20240326:1700-20240327:1600;20240327:1700-20240328:1355;20240329:CLOSED;20240330:CLOSED;20240331:1700-20240401:1600",
                "20240326:0830-20240326:1600;20240327:0830-20240327:1600;20240328:0830-20240328:1355;20240329:CLOSED;20240330:CLOSED;20240331:1700-20240401:1600",
                "",
                "",
                "0",
                "2147483647",
                "DA",
                "IND",
                "32",
                "20250102",
                "",
                "1",
                "1",
                "1"
            ],
            [
                "10",
                "-10",
                "DA",
                "FUT",
                "20250204-18:10:00",
                "0",
                "",
                "CME",
                "USD",
                "DCF5",
                "DC",
                "DC",
                "611473805",
                "0.01",
                "2000",
                "ACTIVETIM,AD,ADJUST,ALERT,ALGO,ALLOC,AVGCOST,BASKET,BENCHPX,COND,CONDORDER,DAY,DEACT,DEACTDIS,DEACTEOD,GAT,GTC,GTD,GTT,HID,ICE,IOC,LIT,LMT,LTH,MIT,MKT,MTL,NGCOMB,NONALGO,OCA,PEGBENCH,SCALE,SCALERST,SNAPMID,SNAPMKT,SNAPREL,STP,STPLMT,TRAIL,TRAILLIT,TRAILLMT,TRAILMIT,WHATIF",
                "CME",
                "1",
                "36555530",
                "MILK CLASS III INDEX",
                "",
                "202501",
                "",
                "",
                "",
                "US/Central",
                "20240325:1700-20240326:1600;20240326:1700-20240327:1600;20240327:1700-20240328:1355;20240329:CLOSED;20240330:CLOSED;20240331:1700-20240401:1600",
                "20240326:0830-20240326:1600;20240327:0830-20240327:1600;20240328:0830-20240328:1355;20240329:CLOSED;20240330:CLOSED;20240331:1700-20240401:1600",
                "",
                "",
                "0",
                "2147483647",
                "DA",
                "IND",
                "32",
                "20250205",
                "",
                "1",
                "1",
                "1"
            ],
            [
                "10",
                "-10",
                "DA",
                "FUT",
                "20250304-18:10:00",
                "0",
                "",
                "CME",
                "USD",
                "DCG5",
                "DC",
                "DC",
                "617184978",
                "0.01",
                "2000",
                "ACTIVETIM,AD,ADJUST,ALERT,ALGO,ALLOC,AVGCOST,BASKET,BENCHPX,COND,CONDORDER,DAY,DEACT,DEACTDIS,DEACTEOD,GAT,GTC,GTD,GTT,HID,ICE,IOC,LIT,LMT,LTH,MIT,MKT,MTL,NGCOMB,NONALGO,OCA,PEGBENCH,SCALE,SCALERST,SNAPMID,SNAPMKT,SNAPREL,STP,STPLMT,TRAIL,TRAILLIT,TRAILLMT,TRAILMIT,WHATIF",
                "CME",
                "1",
                "36555530",
                "MILK CLASS III INDEX",
                "",
                "202502",
                "",
                "",
                "",
                "US/Central",
                "20240325:1700-20240326:1600;20240326:1700-20240327:1600;20240327:1700-20240328:1355;20240329:CLOSED;20240330:CLOSED;20240331:1700-20240401:1600",
                "20240326:0830-20240326:1600;20240327:0830-20240327:1600;20240328:0830-20240328:1355;20240329:CLOSED;20240330:CLOSED;20240331:1700-20240401:1600",
                "",
                "",
                "0",
                "2147483647",
                "DA",
                "IND",
                "32",
                "20250305",
                "",
                "1",
                "1",
                "1"
            ],
            [
                "10",
                "-10",
                "DA",
                "FUT",
                "20250401-17:10:00",
                "0",
                "",
                "CME",
                "USD",
                "DCH5",
                "DC",
                "DC",
                "624110550",
                "0.01",
                "2000",
                "ACTIVETIM,AD,ADJUST,ALERT,ALGO,ALLOC,AVGCOST,BASKET,BENCHPX,COND,CONDORDER,DAY,DEACT,DEACTDIS,DEACTEOD,GAT,GTC,GTD,GTT,HID,ICE,IOC,LIT,LMT,LTH,MIT,MKT,MTL,NGCOMB,NONALGO,OCA,PEGBENCH,SCALE,SCALERST,SNAPMID,SNAPMKT,SNAPREL,STP,STPLMT,TRAIL,TRAILLIT,TRAILLMT,TRAILMIT,WHATIF",
                "CME",
                "1",
                "36555530",
                "MILK CLASS III INDEX",
                "",
                "202503",
                "",
                "",
                "",
                "US/Central",
                "20240325:1700-20240326:1600;20240326:1700-20240327:1600;20240327:1700-20240328:1355;20240329:CLOSED;20240330:CLOSED;20240331:1700-20240401:1600",
                "20240326:0830-20240326:1600;20240327:0830-20240327:1600;20240328:0830-20240328:1355;20240329:CLOSED;20240330:CLOSED;20240331:1700-20240401:1600",
                "",
                "",
                "0",
                "2147483647",
                "DA",
                "IND",
                "32",
                "20250402",
                "",
                "1",
                "1",
                "1"
            ],
            [
                "10",
                "-10",
                "DA",
                "FUT",
                "20250429-17:10:00",
                "0",
                "",
                "CME",
                "USD",
                "DCJ5",
                "DC",
                "DC",
                "629072189",
                "0.01",
                "2000",
                "ACTIVETIM,AD,ADJUST,ALERT,ALGO,ALLOC,AVGCOST,BASKET,BENCHPX,COND,CONDORDER,DAY,DEACT,DEACTDIS,DEACTEOD,GAT,GTC,GTD,GTT,HID,ICE,IOC,LIT,LMT,LTH,MIT,MKT,MTL,NGCOMB,NONALGO,OCA,PEGBENCH,SCALE,SCALERST,SNAPMID,SNAPMKT,SNAPREL,STP,STPLMT,TRAIL,TRAILLIT,TRAILLMT,TRAILMIT,WHATIF",
                "CME",
                "1",
                "36555530",
                "MILK CLASS III INDEX",
                "",
                "202504",
                "",
                "",
                "",
                "US/Central",
                "20240325:1700-20240326:1600;20240326:1700-20240327:1600;20240327:1700-20240328:1355;20240329:CLOSED;20240330:CLOSED;20240331:1700-20240401:1600",
                "20240326:0830-20240326:1600;20240327:0830-20240327:1600;20240328:0830-20240328:1355;20240329:CLOSED;20240330:CLOSED;20240331:1700-20240401:1600",
                "",
                "",
                "0",
                "2147483647",
                "DA",
                "IND",
                "32",
                "20250430",
                "",
                "1",
                "1",
                "1"
            ],
            [
                "10",
                "-10",
                "DA",
                "FUT",
                "20250603-17:10:00",
                "0",
                "",
                "CME",
                "USD",
                "DCK5",
                "DC",
                "DC",
                "634377949",
                "0.01",
                "2000",
                "ACTIVETIM,AD,ADJUST,ALERT,ALGO,ALLOC,AVGCOST,BASKET,BENCHPX,COND,CONDORDER,DAY,DEACT,DEACTDIS,DEACTEOD,GAT,GTC,GTD,GTT,HID,ICE,IOC,LIT,LMT,LTH,MIT,MKT,MTL,NGCOMB,NONALGO,OCA,PEGBENCH,SCALE,SCALERST,SNAPMID,SNAPMKT,SNAPREL,STP,STPLMT,TRAIL,TRAILLIT,TRAILLMT,TRAILMIT,WHATIF",
                "CME",
                "1",
                "36555530",
                "MILK CLASS III INDEX",
                "",
                "202505",
                "",
                "",
                "",
                "US/Central",
                "20240325:1700-20240326:1600;20240326:1700-20240327:1600;20240327:1700-20240328:1355;20240329:CLOSED;20240330:CLOSED;20240331:1700-20240401:1600",
                "20240326:0830-20240326:1600;20240327:0830-20240327:1600;20240328:0830-20240328:1355;20240329:CLOSED;20240330:CLOSED;20240331:1700-20240401:1600",
                "",
                "",
                "0",
                "2147483647",
                "DA",
                "IND",
                "32",
                "20250604",
                "",
                "1",
                "1",
                "1"
            ],
            [
                "10",
                "-10",
                "DA",
                "FUT",
                "20250701-17:10:00",
                "0",
                "",
                "CME",
                "USD",
                "DCM5",
                "DC",
                "DC",
                "639357861",
                "0.01",
                "2000",
                "ACTIVETIM,AD,ADJUST,ALERT,ALGO,ALLOC,AVGCOST,BASKET,BENCHPX,COND,CONDORDER,DAY,DEACT,DEACTDIS,DEACTEOD,GAT,GTC,GTD,GTT,HID,ICE,IOC,LIT,LMT,LTH,MIT,MKT,MTL,NGCOMB,NONALGO,OCA,PEGBENCH,SCALE,SCALERST,SNAPMID,SNAPMKT,SNAPREL,STP,STPLMT,TRAIL,TRAILLIT,TRAILLMT,TRAILMIT,WHATIF",
                "CME",
                "1",
                "36555530",
                "MILK CLASS III INDEX",
                "",
                "202506",
                "",
                "",
                "",
                "US/Central",
                "20240325:1700-20240326:1600;20240326:1700-20240327:1600;20240327:1700-20240328:1355;20240329:CLOSED;20240330:CLOSED;20240331:1700-20240401:1600",
                "20240326:0830-20240326:1600;20240327:0830-20240327:1600;20240328:0830-20240328:1355;20240329:CLOSED;20240330:CLOSED;20240331:1700-20240401:1600",
                "",
                "",
                "0",
                "2147483647",
                "DA",
                "IND",
                "32",
                "20250702",
                "",
                "1",
                "1",
                "1"
            ],
            [
                "10",
                "-10",
                "DA",
                "FUT",
                "20250729-17:10:00",
                "0",
                "",
                "CME",
                "USD",
                "DCN5",
                "DC",
                "DC",
                "645904227",
                "0.01",
                "2000",
                "ACTIVETIM,AD,ADJUST,ALERT,ALGO,ALLOC,AVGCOST,BASKET,BENCHPX,COND,CONDORDER,DAY,DEACT,DEACTDIS,DEACTEOD,GAT,GTC,GTD,GTT,HID,ICE,IOC,LIT,LMT,LTH,MIT,MKT,MTL,NGCOMB,NONALGO,OCA,PEGBENCH,SCALE,SCALERST,SNAPMID,SNAPMKT,SNAPREL,STP,STPLMT,TRAIL,TRAILLIT,TRAILLMT,TRAILMIT,WHATIF",
                "CME",
                "1",
                "36555530",
                "MILK CLASS III INDEX",
                "",
                "202507",
                "",
                "",
                "",
                "US/Central",
                "20240325:1700-20240326:1600;20240326:1700-20240327:1600;20240327:1700-20240328:1355;20240329:CLOSED;20240330:CLOSED;20240331:1700-20240401:1600",
                "20240326:0830-20240326:1600;20240327:0830-20240327:1600;20240328:0830-20240328:1355;20240329:CLOSED;20240330:CLOSED;20240331:1700-20240401:1600",
                "",
                "",
                "0",
                "2147483647",
                "DA",
                "IND",
                "32",
                "20250730",
                "",
                "1",
                "1",
                "1"
            ],
            [
                "10",
                "-10",
                "DA",
                "FUT",
                "20250903-17:10:00",
                "0",
                "",
                "CME",
                "USD",
                "DCQ5",
                "DC",
                "DC",
                "650949040",
                "0.01",
                "2000",
                "ACTIVETIM,AD,ADJUST,ALERT,ALGO,ALLOC,AVGCOST,BASKET,BENCHPX,COND,CONDORDER,DAY,DEACT,DEACTDIS,DEACTEOD,GAT,GTC,GTD,GTT,HID,ICE,IOC,LIT,LMT,LTH,MIT,MKT,MTL,NGCOMB,NONALGO,OCA,PEGBENCH,SCALE,SCALERST,SNAPMID,SNAPMKT,SNAPREL,STP,STPLMT,TRAIL,TRAILLIT,TRAILLMT,TRAILMIT,WHATIF",
                "CME",
                "1",
                "36555530",
                "MILK CLASS III INDEX",
                "",
                "202508",
                "",
                "",
                "",
                "US/Central",
                "20240325:1700-20240326:1600;20240326:1700-20240327:1600;20240327:1700-20240328:1355;20240329:CLOSED;20240330:CLOSED;20240331:1700-20240401:1600",
                "20240326:0830-20240326:1600;20240327:0830-20240327:1600;20240328:0830-20240328:1355;20240329:CLOSED;20240330:CLOSED;20240331:1700-20240401:1600",
                "",
                "",
                "0",
                "2147483647",
                "DA",
                "IND",
                "32",
                "20250904",
                "",
                "1",
                "1",
                "1"
            ],
            [
                "10",
                "-10",
                "DA",
                "FUT",
                "20250930-17:10:00",
                "0",
                "",
                "CME",
                "USD",
                "DCU5",
                "DC",
                "DC",
                "657760778",
                "0.01",
                "2000",
                "ACTIVETIM,AD,ADJUST,ALERT,ALGO,ALLOC,AVGCOST,BASKET,BENCHPX,COND,CONDORDER,DAY,DEACT,DEACTDIS,DEACTEOD,GAT,GTC,GTD,GTT,HID,ICE,IOC,LIT,LMT,LTH,MIT,MKT,MTL,NGCOMB,NONALGO,OCA,PEGBENCH,SCALE,SCALERST,SNAPMID,SNAPMKT,SNAPREL,STP,STPLMT,TRAIL,TRAILLIT,TRAILLMT,TRAILMIT,WHATIF",
                "CME",
                "1",
                "36555530",
                "MILK CLASS III INDEX",
                "",
                "202509",
                "",
                "",
                "",
                "US/Central",
                "20240325:1700-20240326:1600;20240326:1700-20240327:1600;20240327:1700-20240328:1355;20240329:CLOSED;20240330:CLOSED;20240331:1700-20240401:1600",
                "20240326:0830-20240326:1600;20240327:0830-20240327:1600;20240328:0830-20240328:1355;20240329:CLOSED;20240330:CLOSED;20240331:1700-20240401:1600",
                "",
                "",
                "0",
                "2147483647",
                "DA",
                "IND",
                "32",
                "20251001",
                "",
                "1",
                "1",
                "1"
            ],
            [
                "10",
                "-10",
                "DA",
                "FUT",
                "20251104-18:10:00",
                "0",
                "",
                "CME",
                "USD",
                "DCV5",
                "DC",
                "DC",
                "663168763",
                "0.01",
                "2000",
                "ACTIVETIM,AD,ADJUST,ALERT,ALGO,ALLOC,AVGCOST,BASKET,BENCHPX,COND,CONDORDER,DAY,DEACT,DEACTDIS,DEACTEOD,GAT,GTC,GTD,GTT,HID,ICE,IOC,LIT,LMT,LTH,MIT,MKT,MTL,NGCOMB,NONALGO,OCA,PEGBENCH,SCALE,SCALERST,SNAPMID,SNAPMKT,SNAPREL,STP,STPLMT,TRAIL,TRAILLIT,TRAILLMT,TRAILMIT,WHATIF",
                "CME",
                "1",
                "36555530",
                "MILK CLASS III INDEX",
                "",
                "202510",
                "",
                "",
                "",
                "US/Central",
                "20240325:1700-20240326:1600;20240326:1700-20240327:1600;20240327:1700-20240328:1355;20240329:CLOSED;20240330:CLOSED;20240331:1700-20240401:1600",
                "20240326:0830-20240326:1600;20240327:0830-20240327:1600;20240328:0830-20240328:1355;20240329:CLOSED;20240330:CLOSED;20240331:1700-20240401:1600",
                "",
                "",
                "0",
                "2147483647",
                "DA",
                "IND",
                "32",
                "20251105",
                "",
                "1",
                "1",
                "1"
            ],
            [
                "10",
                "-10",
                "DA",
                "FUT",
                "20251202-18:10:00",
                "0",
                "",
                "CME",
                "USD",
                "DCX5",
                "DC",
                "DC",
                "668447027",
                "0.01",
                "2000",
                "ACTIVETIM,AD,ADJUST,ALERT,ALGO,ALLOC,AVGCOST,BASKET,BENCHPX,COND,CONDORDER,DAY,DEACT,DEACTDIS,DEACTEOD,GAT,GTC,GTD,GTT,HID,ICE,IOC,LIT,LMT,LTH,MIT,MKT,MTL,NGCOMB,NONALGO,OCA,PEGBENCH,SCALE,SCALERST,SNAPMID,SNAPMKT,SNAPREL,STP,STPLMT,TRAIL,TRAILLIT,TRAILLMT,TRAILMIT,WHATIF",
                "CME",
                "1",
                "36555530",
                "MILK CLASS III INDEX",
                "",
                "202511",
                "",
                "",
                "",
                "US/Central",
                "20240325:1700-20240326:1600;20240326:1700-20240327:1600;20240327:1700-20240328:1355;20240329:CLOSED;20240330:CLOSED;20240331:1700-20240401:1600",
                "20240326:0830-20240326:1600;20240327:0830-20240327:1600;20240328:0830-20240328:1355;20240329:CLOSED;20240330:CLOSED;20240331:1700-20240401:1600",
                "",
                "",
                "0",
                "2147483647",
                "DA",
                "IND",
                "32",
                "20251203",
                "",
                "1",
                "1",
                "1"
            ],
            [
                "10",
                "-10",
                "DA",
                "FUT",
                "20251230-18:10:00",
                "0",
                "",
                "CME",
                "USD",
                "DCZ5",
                "DC",
                "DC",
                "675617905",
                "0.01",
                "2000",
                "ACTIVETIM,AD,ADJUST,ALERT,ALGO,ALLOC,AVGCOST,BASKET,BENCHPX,COND,CONDORDER,DAY,DEACT,DEACTDIS,DEACTEOD,GAT,GTC,GTD,GTT,HID,ICE,IOC,LIT,LMT,LTH,MIT,MKT,MTL,NGCOMB,NONALGO,OCA,PEGBENCH,SCALE,SCALERST,SNAPMID,SNAPMKT,SNAPREL,STP,STPLMT,TRAIL,TRAILLIT,TRAILLMT,TRAILMIT,WHATIF",
                "CME",
                "1",
                "36555530",
                "MILK CLASS III INDEX",
                "",
                "202512",
                "",
                "",
                "",
                "US/Central",
                "20240325:1700-20240326:1600;20240326:1700-20240327:1600;20240327:1700-20240328:1355;20240329:CLOSED;20240330:CLOSED;20240331:1700-20240401:1600",
                "20240326:0830-20240326:1600;20240327:0830-20240327:1600;20240328:0830-20240328:1355;20240329:CLOSED;20240330:CLOSED;20240331:1700-20240401:1600",
                "",
                "",
                "0",
                "2147483647",
                "DA",
                "IND",
                "32",
                "20251231",
                "",
                "1",
                "1",
                "1"
            ],
            [
                "10",
                "-10",
                "DA",
                "FUT",
                "20260203-18:10:00",
                "0",
                "",
                "CME",
                "USD",
                "DCF6",
                "DC",
                "DC",
                "681156880",
                "0.01",
                "2000",
                "ACTIVETIM,AD,ADJUST,ALERT,ALGO,ALLOC,AVGCOST,BASKET,BENCHPX,COND,CONDORDER,DAY,DEACT,DEACTDIS,DEACTEOD,GAT,GTC,GTD,GTT,HID,ICE,IOC,LIT,LMT,LTH,MIT,MKT,MTL,NGCOMB,NONALGO,OCA,PEGBENCH,SCALE,SCALERST,SNAPMID,SNAPMKT,SNAPREL,STP,STPLMT,TRAIL,TRAILLIT,TRAILLMT,TRAILMIT,WHATIF",
                "CME",
                "1",
                "36555530",
                "MILK CLASS III INDEX",
                "",
                "202601",
                "",
                "",
                "",
                "US/Central",
                "20240325:1700-20240326:1600;20240326:1700-20240327:1600;20240327:1700-20240328:1355;20240329:CLOSED;20240330:CLOSED;20240331:1700-20240401:1600",
                "20240326:0830-20240326:1600;20240327:0830-20240327:1600;20240328:0830-20240328:1355;20240329:CLOSED;20240330:CLOSED;20240331:1700-20240401:1600",
                "",
                "",
                "0",
                "2147483647",
                "DA",
                "IND",
                "32",
                "20260204",
                "",
                "1",
                "1",
                "1"
            ],
            [
                "10",
                "-10",
                "DA",
                "FUT",
                "20260303-18:10:00",
                "0",
                "",
                "CME",
                "USD",
                "DCG6",
                "DC",
                "DC",
                "687087934",
                "0.01",
                "2000",
                "ACTIVETIM,AD,ADJUST,ALERT,ALGO,ALLOC,AVGCOST,BASKET,BENCHPX,COND,CONDORDER,DAY,DEACT,DEACTDIS,DEACTEOD,GAT,GTC,GTD,GTT,HID,ICE,IOC,LIT,LMT,LTH,MIT,MKT,MTL,NGCOMB,NONALGO,OCA,PEGBENCH,SCALE,SCALERST,SNAPMID,SNAPMKT,SNAPREL,STP,STPLMT,TRAIL,TRAILLIT,TRAILLMT,TRAILMIT,WHATIF",
                "CME",
                "1",
                "36555530",
                "MILK CLASS III INDEX",
                "",
                "202602",
                "",
                "",
                "",
                "US/Central",
                "20240325:1700-20240326:1600;20240326:1700-20240327:1600;20240327:1700-20240328:1355;20240329:CLOSED;20240330:CLOSED;20240331:1700-20240401:1600",
                "20240326:0830-20240326:1600;20240327:0830-20240327:1600;20240328:0830-20240328:1355;20240329:CLOSED;20240330:CLOSED;20240331:1700-20240401:1600",
                "",
                "",
                "0",
                "2147483647",
                "DA",
                "IND",
                "32",
                "20260304",
                "",
                "1",
                "1",
                "1"
            ],
            [
                "52",
                "1",
                "-10"
            ]
        ]
    ]
]